
> new-site@0.1.0 build
> next build

▲ Next.js 16.3.1 (Turbopack)
- Environments: .env
✓ Running next.config.ts took 65ms

  Creating an optimized production build ...
✓ Compiled successfully in 6.2s
  Running TypeScript ...
  Finished TypeScript in 4.6s ...
  Collecting page data using 15 workers ...
  Generating static pages using 15 workers (0/25) ...
  Generating static pages using 15 workers (6/25) 
  Generating static pages using 15 workers (12/25) 
  Generating static pages using 15 workers (18/25) 
✓ Generating static pages using 15 workers (25/25) in 1548ms
  Finalizing page optimization ...

Route (app)                                     Revalidate  Expire
┌ ○ /                                                   1m      1y
├ ○ /_not-found
├ ƒ /admin
├ ƒ /admin/leads
├ ƒ /admin/leads/[id]
├ ○ /admin/login
├ ƒ /admin/portfolio
├ ƒ /admin/portfolio/[id]
├ ƒ /admin/portfolio/new
├ ƒ /admin/settings
├ ƒ /api/admin/leads
├ ƒ /api/admin/leads/[id]
├ ƒ /api/admin/leads/[id]/status
├ ƒ /api/admin/login
├ ƒ /api/admin/logout
├ ƒ /api/admin/portfolio
├ ƒ /api/admin/portfolio/[id]
├ ƒ /api/admin/portfolio/[id]/images
├ ƒ /api/admin/portfolio/[id]/images/[imageId]
├ ƒ /api/admin/portfolio/[id]/publish
├ ƒ /api/admin/portfolio/reorder
├ ƒ /api/admin/settings
├ ƒ /api/leads
├ ƒ /api/portfolio
├ ƒ /api/portfolio/images/[imageId]
├ ○ /business
├ ○ /icon.svg
├ ○ /opengraph-image
├ ○ /portfolio                                          1m      1y
├ ○ /private
├ ○ /robots.txt
├ ○ /serial
└ ○ /sitemap.xml


○  (Static)   prerendered as static content
ƒ  (Dynamic)  server-rendered on demand

